###############################################################################
#                                                                             #
# IAR ELF Linker V6.30.1.53127/W32 for ARM              16/Aug/2012  20:00:47 #
# Copyright 2007-2011 IAR Systems AB.                                         #
#                                                                             #
#    Output file  =  C:\StellarisWare\boards\ek-lm3s811\Test2\ewarm\Exe\uart_ #
#                    echo.out                                                 #
#    Map file     =  C:\StellarisWare\boards\ek-lm3s811\Test2\ewarm\List\uart #
#                    _echo.map                                                #
#    Command line =  C:\StellarisWare\boards\ek-lm3s811\Test2\ewarm\Obj\Amari #
#                    no.o C:\StellarisWare\boards\ek-lm3s811\Test2\ewarm\Obj\ #
#                    Serial.o C:\StellarisWare\boards\ek-lm3s811\Test2\ewarm\ #
#                    Obj\display96x16x1.o C:\StellarisWare\boards\ek-lm3s811\ #
#                    Test2\ewarm\Obj\startup_ewarm.o                          #
#                    C:\StellarisWare\boards\ek-lm3s811\Test2\ewarm\Obj\uart_ #
#                    echo.o C:\StellarisWare\driverlib\ewarm-cm3\Exe\driverli #
#                    b-cm3.a --redirect _Printf=_PrintfTiny --redirect        #
#                    _Scanf=_ScanfSmall -o C:\StellarisWare\boards\ek-lm3s811 #
#                    \Test2\ewarm\Exe\uart_echo.out --map                     #
#                    C:\StellarisWare\boards\ek-lm3s811\Test2\ewarm\List\uart #
#                    _echo.map --config C:\StellarisWare\boards\ek-lm3s811\Te #
#                    st2\uart_echo.icf --semihosting --entry                  #
#                    __iar_program_start --vfe                                #
#                                                                             #
#                                                                             #
###############################################################################

*******************************************************************************
*** RUNTIME MODEL ATTRIBUTES
***

CppFlavor       = *
__SystemLibrary = DLib


*******************************************************************************
*** PLACEMENT SUMMARY
***

"A1":  place at start of [0x00000000-0x0000ffff] { ro section .intvec };
"P1":  place in [from 0x00000000 to 0x0000ffff] { ro };
"P2":  place in [from 0x20000000 to 0x20001fff] { rw, block HEAP };

  Section           Kind        Address    Size  Object
  -------           ----        -------    ----  ------
"A1":                                      0xb8
  .intvec           const    0x00000000    0xb8  startup_ewarm.o [1]
                           - 0x000000b8    0xb8

"P1":                                    0x12c0
  .text             ro code  0x000000b8   0x3c8  sysctl.o [4]
  .text             ro code  0x00000480   0x2b6  display96x16x1.o [1]
  .text             ro code  0x00000736    0x22  zero_init3.o [6]
  .text             ro code  0x00000758    0x8c  i2c.o [4]
  .text             ro code  0x000007e4   0x10c  gpio.o [4]
  .rodata           const    0x000008f0   0x1dc  display96x16x1.o [1]
  .text             ro code  0x00000acc   0x1bc  Amarino.o [1]
  .text             ro code  0x00000c88    0xa4  Serial.o [1]
  .text             ro code  0x00000d2c     0x6  ABImemclr4.o [6]
  .text             ro code  0x00000d34   0x178  xstoul.o [3]
  .text             ro code  0x00000eac    0x76  ABImemcpy.o [6]
  .text             ro code  0x00000f24    0x80  interrupt.o [4]
  .text             ro code  0x00000fa4    0xd4  uart.o [4]
  .text             ro code  0x00001078    0x32  ABImemset48.o [6]
  .text             ro code  0x000010ac    0x58  memchr.o [6]
  .text             ro code  0x00001104     0xc  errno.o [3]
  .text             ro code  0x00001110     0x8  cpu.o [4]
  .text             ro code  0x00001118     0x2  xtls.o [3]
  .text             ro code  0x0000111c    0xb8  uart_echo.o [1]
  .rodata           const    0x000011d4    0xa4  display96x16x1.o [1]
  .rodata           const    0x00001278    0x3c  uart_echo.o [1]
  .text             ro code  0x000012b4    0x2c  data_init3.o [6]
  .iar.init_table   const    0x000012e0    0x10  - Linker created -
  .rodata           const    0x000012f0    0x20  display96x16x1.o [1]
  .text             ro code  0x00001310    0x16  cmain.o [6]
  .text             ro code  0x00001326     0x4  low_level_init.o [3]
  .text             ro code  0x0000132a     0x4  exit.o [3]
  .text             ro code  0x00001330     0xa  cexit.o [6]
  .text             ro code  0x0000133c    0x14  exit.o [7]
  .rodata           const    0x00001350    0x10  Amarino.o [1]
  .text             ro code  0x00001360     0xc  cstartup_M.o [6]
  .text             ro code  0x0000136c     0xa  startup_ewarm.o [1]
  .rodata           const    0x00001376     0x0  bwt_init3c.o [6]
                           - 0x00001376  0x12be

"P2", part 1 of 2:                        0x1a0
  .bss              zero     0x20000000   0x12c  Amarino.o [1]
  .bss              zero     0x2000012c    0x64  Amarino.o [1]
  .bss              zero     0x20000190     0x8  Amarino.o [1]
  __DLIB_PERTHREAD  zero     0x20000198     0x4  errno.o [3]
  .bss              zero     0x2000019c     0x2  display96x16x1.o [1]
                           - 0x2000019e   0x19e

"P2", part 2 of 2:                        0x100
  .noinit           uninit   0x200001a0   0x100  startup_ewarm.o [1]
                           - 0x200002a0   0x100


*******************************************************************************
*** INIT TABLE
***

          Address     Size
          -------     ----
Zero (__iar_zero_init3)
    1 destination range, total size 0x19e:
          0x20000000  0x19e



*******************************************************************************
*** MODULE SUMMARY
***

    Module            ro code  ro data  rw data
    ------            -------  -------  -------
C:\StellarisWare\boards\ek-lm3s811\Test2\ewarm\Obj: [1]
    Amarino.o             444       16      408
    Serial.o              164
    display96x16x1.o      694      672        2
    startup_ewarm.o        10      184      256
    uart_echo.o           184       60
    -------------------------------------------
    Total:              1 496      932      666

command line: [2]
    -------------------------------------------
    Total:

dl7M_tln.a: [3]
    errno.o                12                 4
    exit.o                  4
    low_level_init.o        4
    xstoul.o              376
    xtls.o                  2
    -------------------------------------------
    Total:                398                 4

driverlib-cm3.a: [4]
    cpu.o                   8
    gpio.o                268
    i2c.o                 140
    interrupt.o           128
    sysctl.o              968
    uart.o                212
    -------------------------------------------
    Total:              1 724

m7M_tl.a: [5]
    -------------------------------------------
    Total:

rt7M_tl.a: [6]
    ABImemclr4.o            6
    ABImemcpy.o           118
    ABImemset48.o          50
    bwt_init3c.o
    cexit.o                10
    cmain.o                22
    cstartup_M.o           12
    data_init3.o           44
    memchr.o               88
    zero_init3.o           34
    -------------------------------------------
    Total:                384

shb_l.a: [7]
    exit.o                 20
    -------------------------------------------
    Total:                 20

    Gaps                   12
    Linker created                  16
-----------------------------------------------
    Grand Total:        4 034      948      670


*******************************************************************************
*** ENTRY LIST
***

Entry                      Address   Size  Type      Object
-----                      -------   ----  ----      ------
?main                   0x00001311         Code  Gb  cmain.o [6]
CPUcpsie                0x00001111    0x8  Code  Gb  cpu.o [4]
Display96x16x1Clear     0x00000535   0x54  Code  Gb  display96x16x1.o [1]
Display96x16x1Init      0x0000062f   0xcc  Code  Gb  display96x16x1.o [1]
Display96x16x1StringDraw
                        0x0000058f   0x8e  Code  Gb  display96x16x1.o [1]
Display96x16x1WriteArray
                        0x000004c5   0x36  Code  Lc  display96x16x1.o [1]
Display96x16x1WriteByte
                        0x00000499   0x1a  Code  Lc  display96x16x1.o [1]
Display96x16x1WriteFinal
                        0x000004fb   0x32  Code  Lc  display96x16x1.o [1]
Display96x16x1WriteFirst
                        0x00000481   0x18  Code  Lc  display96x16x1.o [1]
FaultISR                0x00001373    0x2  Code  Lc  startup_ewarm.o [1]
GPIODirModeSet          0x000007e5   0x28  Code  Gb  gpio.o [4]
GPIOPadConfigSet        0x0000080d   0x98  Code  Gb  gpio.o [4]
GPIOPinTypeGPIOOutput   0x000008b9    0xa  Code  Gb  gpio.o [4]
GPIOPinTypeI2C          0x000008d5    0xa  Code  Gb  gpio.o [4]
GPIOPinTypeUART         0x000008e7    0xa  Code  Gb  gpio.o [4]
GPIOPinWrite            0x000008a5    0x6  Code  Gb  gpio.o [4]
I2CMasterControl        0x000007dd    0x4  Code  Gb  i2c.o [4]
I2CMasterDataPut        0x000007e1    0x4  Code  Gb  i2c.o [4]
I2CMasterEnable         0x0000079f    0xc  Code  Gb  i2c.o [4]
I2CMasterInitExpClk     0x00000759   0x46  Code  Gb  i2c.o [4]
I2CMasterIntClear       0x000007cd    0x8  Code  Gb  i2c.o [4]
I2CMasterIntStatus      0x000007ab    0xa  Code  Gb  i2c.o [4]
I2CMasterSlaveAddrSet   0x000007d5    0x8  Code  Gb  i2c.o [4]
IntDefaultHandler       0x00001375    0x2  Code  Lc  startup_ewarm.o [1]
IntEnable               0x00000f2f   0x58  Code  Gb  interrupt.o [4]
IntMasterEnable         0x00000f25    0xa  Code  Gb  interrupt.o [4]
MeetAndroid_flush       0x00000c21   0x12  Code  Gb  Amarino.o [1]
MeetAndroid_getArrayLength
                        0x00000bcf   0x28  Code  Gb  Amarino.o [1]
MeetAndroid_getInt      0x00000c33    0x4  Code  Gb  Amarino.o [1]
MeetAndroid_init        0x00000ad9   0x28  Code  Gb  Amarino.o [1]
MeetAndroid_processCommand
                        0x00000b01   0x32  Code  Gb  Amarino.o [1]
MeetAndroid_receive     0x00000b3f   0x90  Code  Gb  Amarino.o [1]
MeetAndroid_registerFunction
                        0x00000b33    0xc  Code  Gb  Amarino.o [1]
MeetAndroid_send        0x00000bf7   0x2a  Code  Gb  Amarino.o [1]
NmiSR                   0x00001371    0x2  Code  Lc  startup_ewarm.o [1]
Region$$Table$$Base     0x000012e0          --   Gb  - Linker created -
Region$$Table$$Limit    0x000012f0          --   Gb  - Linker created -
ResetISR                0x0000136d    0x4  Code  Gb  startup_ewarm.o [1]
SysCtlClockGet          0x0000021f  0x19e  Code  Gb  sysctl.o [4]
SysCtlClockSet          0x00000109  0x116  Code  Gb  sysctl.o [4]
SysCtlDelay             0x00000101    0x8  Code  Gb  sysctl.o [4]
SysCtlPeripheralEnable  0x000000b9   0x1c  Code  Gb  sysctl.o [4]
UARTCharGetNonBlocking  0x00001045    0xa  Code  Gb  uart.o [4]
UARTCharPutNonBlocking  0x00001055   0x10  Code  Gb  uart.o [4]
UARTCharsAvail          0x00001033    0x8  Code  Gb  uart.o [4]
UARTConfigSetExpClk     0x00000fa5   0x4c  Code  Gb  uart.o [4]
UARTDisable             0x0000100b   0x1e  Code  Gb  uart.o [4]
UARTEnable              0x00000ff1   0x1a  Code  Gb  uart.o [4]
UARTIntClear            0x00001075    0x4  Code  Gb  uart.o [4]
UARTIntEnable           0x00001065    0x6  Code  Gb  uart.o [4]
UARTIntHandler          0x00000cd1   0x18  Code  Gb  Serial.o [1]
UARTIntStatus           0x0000106b    0xa  Code  Gb  uart.o [4]
UARTSend                0x00000ce9   0x1c  Code  Gb  Serial.o [1]
__aeabi_errno_addr      0x00001105    0x6  Code  Gb  errno.o [3]
__aeabi_memclr4         0x00000d2d         Code  Gb  ABImemclr4.o [6]
__aeabi_memcpy          0x00000ead         Code  Gb  ABImemcpy.o [6]
__aeabi_memcpy4         0x00000ecd         Code  Gb  ABImemcpy.o [6]
__aeabi_memcpy8         0x00000ecd         Code  Gb  ABImemcpy.o [6]
__cmain                 0x00001311         Code  Gb  cmain.o [6]
__exit                  0x0000133d   0x14  Code  Gb  exit.o [7]
__iar_Errno             0x20000198    0x4  Data  Gb  errno.o [3]
__iar_Memchr            0x000010ad         Code  Gb  memchr.o [6]
__iar_Memset4_word      0x00001079         Code  Gb  ABImemset48.o [6]
__iar_Memset8_word      0x00001079         Code  Gb  ABImemset48.o [6]
__iar_SB                0x00001376         Data  Gb  bwt_init3c.o [6]
__iar_Stoul             0x00000e59    0x4  Code  Gb  xstoul.o [3]
__iar_Stoulx            0x00000d35  0x124  Code  Gb  xstoul.o [3]
__iar_data_init3        0x000012b5   0x2c  Code  Gb  data_init3.o [6]
__iar_dlib_perthread_access
                        0x00001119    0x2  Code  Gb  xtls.o [3]
__iar_program_start     0x00001361         Code  Gb  cstartup_M.o [6]
__iar_zero_init3        0x00000737   0x22  Code  Gb  zero_init3.o [6]
__low_level_init        0x00001327    0x4  Code  Gb  low_level_init.o [3]
__vector_table          0x00000000   0xb8  Data  Gb  startup_ewarm.o [1]
_call_main              0x0000131d         Code  Gb  cmain.o [6]
_exit                   0x00001331         Code  Gb  cexit.o [6]
_main                   0x00001323         Code  Gb  cmain.o [6]
abord                   0x20000190    0x1  Data  Gb  Amarino.o [1]
ack                     0x20000191    0x1  Data  Gb  Amarino.o [1]
buffer                  0x2000012c   0x64  Data  Lc  Amarino.o [1]
bufferCount             0x20000194    0x1  Data  Lc  Amarino.o [1]
delayMicroseconds       0x00000acd    0xc  Code  Gb  Amarino.o [1]
delimiter               0x20000192    0x1  Data  Gb  Amarino.o [1]
digits                  0x00000e5c   0x28  Data  Lc  xstoul.o [3]
exit                    0x0000132b    0x4  Code  Gb  exit.o [3]
g_pucFont               0x000008f0  0x1dc  Data  Lc  display96x16x1.o [1]
g_pucOSRAMInit          0x000011d4   0x74  Data  Lc  display96x16x1.o [1]
g_pucOSRAMRow1          0x000012f0    0x8  Data  Lc  display96x16x1.o [1]
g_pucOSRAMRow2          0x000012f8    0x8  Data  Lc  display96x16x1.o [1]
g_pucRITInit            0x00001248   0x30  Data  Lc  display96x16x1.o [1]
g_pucRITRow1            0x00001300    0x8  Data  Lc  display96x16x1.o [1]
g_pucRITRow2            0x00001308    0x8  Data  Lc  display96x16x1.o [1]
g_pulEnRegs             0x00000f90   0x14  Data  Lc  interrupt.o [4]
g_pulRCGCRegs           0x00000408    0xc  Data  Lc  sysctl.o [4]
g_pulXtals              0x00000414   0x6c  Data  Lc  sysctl.o [4]
g_ucColumnAdjust        0x2000019d    0x1  Data  Lc  display96x16x1.o [1]
g_ucDisplayIsRIT        0x2000019c    0x1  Data  Lc  display96x16x1.o [1]
getFirst                0x000011a5   0x1a  Code  Gb  uart_echo.o [1]
intFunc                 0x20000000  0x12c  Data  Lc  Amarino.o [1]
main                    0x0000111d   0x88  Code  Gb  uart_echo.o [1]
memchr                  0x000010ad         Code  Gb  memchr.o [6]
ndigs                   0x00000e84   0x28  Data  Lc  xstoul.o [3]
pulStack                0x200001a0  0x100  Data  Lc  startup_ewarm.o [1]
serial_available        0x00000d09    0x6  Code  Gb  Serial.o [1]
serial_print            0x00000d05    0x4  Code  Gb  Serial.o [1]
serial_read             0x00000d0f    0xc  Code  Gb  Serial.o [1]
serial_setup            0x00000c89   0x48  Code  Gb  Serial.o [1]
startFlag               0x20000193    0x1  Data  Gb  Amarino.o [1]
waitTime                0x20000196    0x2  Data  Lc  Amarino.o [1]


[1] = C:\StellarisWare\boards\ek-lm3s811\Test2\ewarm\Obj
[2] = command line
[3] = dl7M_tln.a
[4] = driverlib-cm3.a
[5] = m7M_tl.a
[6] = rt7M_tl.a
[7] = shb_l.a

  4 034 bytes of readonly  code memory
    948 bytes of readonly  data memory
    670 bytes of readwrite data memory

Errors: none
Warnings: none
